[backblue.gif]
[fade.gif]
[index.html]
[b-f-p.co.uk/comments/feed/index.html]
[b-f-p.co.uk/wp-content/themes/neve/style-main-new.min3258.css]
[b-f-p.co.uk/feed/index.html]
[b-f-p.co.uk/home/feed/index.html]
[b-f-p.co.uk/wp-content/plugins/elementor/assets/css/frontend.min18be.css]
[b-f-p.co.uk/wp-content/plugins/elementor/assets/css/widget-text-editor.min18be.css]
[b-f-p.co.uk/wp-content/plugins/elementor/assets/css/widget-image.min18be.css]
[b-f-p.co.uk/wp-content/plugins/elementor-pro/assets/css/widget-nav-menu.min401f.css]
[b-f-p.co.uk/wp-content/plugins/elementor/assets/css/widget-heading.min18be.css]
[b-f-p.co.uk/wp-content/plugins/elementor/assets/css/widget-icon-list.min18be.css]
[b-f-p.co.uk/wp-content/plugins/elementor-pro/assets/css/widget-form.min401f.css]
[b-f-p.co.uk/wp-content/plugins/elementor/assets/css/widget-image-gallery.min18be.css]
[b-f-p.co.uk/wp-content/plugins/elementor/assets/lib/eicons/css/elementor-icons.min444a.css]
[b-f-p.co.uk/wp-content/plugins/elementor/assets/lib/swiper/v8/css/swiper.min94a4.css]
[b-f-p.co.uk/wp-content/plugins/elementor/assets/css/conditionals/e-swiper.min18be.css]
[b-f-p.co.uk/wp-content/uploads/elementor/css/post-808602a.css]
[b-f-p.co.uk/wp-content/plugins/elementor-pro/assets/css/conditionals/popup.min401f.css]
[b-f-p.co.uk/wp-content/uploads/elementor/css/post-51602a.css]
[b-f-p.co.uk/wp-content/uploads/elementor/css/post-818602a.css]
[b-f-p.co.uk/wp-content/uploads/elementor/css/post-1154602a.css]
[b-f-p.co.uk/wp-content/plugins/elementor/assets/lib/font-awesome/css/fontawesome.min52d5.css]
[b-f-p.co.uk/wp-content/plugins/elementor/assets/lib/font-awesome/css/solid.min52d5.css]
[b-f-p.co.uk/wp-includes/js/jquery/jquery.minf43b.js]
[b-f-p.co.uk/wp-includes/js/jquery/jquery-migrate.min5589.js]
[b-f-p.co.uk/wp-json/index.html]
[b-f-p.co.uk/wp-json/wp/v2/pages/51.json]
[b-f-p.co.uk/wp-json/oembed/1.0/embed059e.json]
[b-f-p.co.uk/wp-json/oembed/1.0/embed029d]
[b-f-p.co.uk/wp-content/uploads/2021/04/cropped-bfp-icon-1-32x32.png]
[b-f-p.co.uk/wp-content/uploads/2021/04/cropped-bfp-icon-1-192x192.png]
[b-f-p.co.uk/wp-content/uploads/2021/04/cropped-bfp-icon-1-180x180.png]
[b-f-p.co.uk/wp-content/uploads/2021/04/bfp-logo.png]
[b-f-p.co.uk/wp-content/uploads/2023/02/BFP-Est-1976-White.svg]
[b-f-p.co.uk/fire-alarm-systems/index.html]
[b-f-p.co.uk/wp-content/uploads/2023/02/Comissioning.jpg]
[b-f-p.co.uk/emergency-lighting/index.html]
[b-f-p.co.uk/fire-safety-signs/index.html]
[b-f-p.co.uk/wp-content/uploads/2023/02/Fire-Safety-and-security.jpg]
[b-f-p.co.uk/fire-extinguishers/index.html]
[b-f-p.co.uk/fire-suppression/index.html]
[b-f-p.co.uk/monitoring-systems/index.html]
[b-f-p.co.uk/wp-content/uploads/2023/02/Fire-safety-training.jpg]
[b-f-p.co.uk/specialist-detection-services/index.html]
[b-f-p.co.uk/access/index.html]
[b-f-p.co.uk/wp-content/uploads/2023/02/BAFE.jpg]
[b-f-p.co.uk/cctv/index.html]
[b-f-p.co.uk/wp-content/uploads/2024/10/3core2.jpg]
[b-f-p.co.uk/intruder/index.html]
[b-f-p.co.uk/fire-risk-assessment/index.html]
[b-f-p.co.uk/wp-content/uploads/2024/10/Achilles.jpg]
[b-f-p.co.uk/pat-services/index.html]
[b-f-p.co.uk/first-aid-training/index.html]
[b-f-p.co.uk/wp-content/uploads/2024/10/Safe-Contractor.jpg]
[b-f-p.co.uk/fire-marshal-training/index.html]
[b-f-p.co.uk/wp-content/uploads/2024/10/FPA-Member-Logo-Landscape-Transparent-Background.jpg]
[b-f-p.co.uk/thank-you-for-free-site-survey/index.html]
[b-f-p.co.uk/wp-content/uploads/2023/02/BFP-Accreditation-Logos-2024-1024x186.jpg]
[b-f-p.co.uk/disability-discrimination/index.html]
[b-f-p.co.uk/privacy-policy/index.html]
[b-f-p.co.uk/safe-foam-disposal/index.html]
[b-f-p.co.uk/safety-training/index.html]
[b-f-p.co.uk/nurse-call/index.html]
[b-f-p.co.uk/wp-content/themes/neve/assets/js/build/modern/frontend3258.js]
[b-f-p.co.uk/wp-content/plugins/elementor-pro/assets/lib/smartmenus/jquery.smartmenus.min1576.js]
[b-f-p.co.uk/wp-content/plugins/elementor-pro/assets/js/webpack-pro.runtime.min401f.js]
[b-f-p.co.uk/wp-content/plugins/elementor/assets/js/webpack.runtime.min18be.js]
[b-f-p.co.uk/wp-content/plugins/elementor/assets/js/frontend-modules.min18be.js]
[b-f-p.co.uk/wp-includes/js/dist/hooks.min4fdd.js]
[b-f-p.co.uk/wp-includes/js/dist/i18n.minc33c.js]
[b-f-p.co.uk/wp-content/plugins/elementor-pro/assets/js/frontend.min401f.js]
[b-f-p.co.uk/wp-includes/js/jquery/ui/core.minb37e.js]
[b-f-p.co.uk/wp-content/plugins/elementor/assets/js/frontend.min18be.js]
[b-f-p.co.uk/index.html]
[b-f-p.co.uk/wp-content/themes/neve/style-main-new.min3258.css]
[b-f-p.co.uk/wp-content/plugins/elementor/assets/css/frontend.min18be.css]
[b-f-p.co.uk/wp-content/plugins/elementor/assets/css/widget-text-editor.min18be.css]
[b-f-p.co.uk/wp-content/plugins/elementor/assets/css/widget-image.min18be.css]
[b-f-p.co.uk/wp-content/plugins/elementor-pro/assets/css/widget-nav-menu.min401f.css]
[b-f-p.co.uk/wp-content/plugins/elementor/assets/css/widget-heading.min18be.css]
[b-f-p.co.uk/wp-content/plugins/elementor/assets/css/widget-icon-list.min18be.css]
[b-f-p.co.uk/wp-content/plugins/elementor-pro/assets/css/widget-form.min401f.css]
[b-f-p.co.uk/wp-content/plugins/elementor/assets/css/widget-image-gallery.min18be.css]
[b-f-p.co.uk/wp-content/plugins/elementor-pro/assets/js/elements-handlers.min401f.js]
[b-f-p.co.uk/wp-content/plugins/elementor/assets/lib/eicons/fonts/eiconsbe76.eot]
[b-f-p.co.uk/wp-content/plugins/elementor/assets/lib/eicons/fonts/eiconsbe76.woff2]
[b-f-p.co.uk/wp-content/plugins/elementor/assets/lib/eicons/fonts/eiconsbe76.woff]
[b-f-p.co.uk/wp-content/plugins/elementor/assets/lib/eicons/fonts/eiconsbe76.ttf]
[b-f-p.co.uk/wp-content/plugins/elementor/assets/lib/eicons/css/elementor-icons.min444a.css]
[b-f-p.co.uk/wp-content/plugins/elementor/assets/lib/swiper/v8/css/swiper.min94a4.css]
[b-f-p.co.uk/wp-content/plugins/elementor/assets/css/conditionals/e-swiper.min18be.css]
[b-f-p.co.uk/wp-content/uploads/elementor/css/post-808602a.css]
[b-f-p.co.uk/wp-content/plugins/elementor-pro/assets/css/conditionals/popup.min401f.css]
[b-f-p.co.uk/wp-content/uploads/2021/04/FIre-Safety-Sprinkler.jpg]
[b-f-p.co.uk/wp-content/uploads/elementor/css/post-51602a.css]
[b-f-p.co.uk/wp-content/uploads/elementor/css/post-818602a.css]
[b-f-p.co.uk/wp-content/uploads/elementor/css/post-1154602a.css]
[b-f-p.co.uk/wp-content/plugins/elementor/assets/lib/font-awesome/css/fontawesome.min52d5.css]
[b-f-p.co.uk/wp-content/plugins/elementor/assets/lib/eicons/fonts/eiconsbe76.svg]
[b-f-p.co.uk/wp-content/plugins/elementor/assets/lib/font-awesome/webfonts/fa-solid-900.eot]
[b-f-p.co.uk/wp-content/plugins/elementor/assets/lib/font-awesome/webfonts/fa-solid-900d41d.eot]
[b-f-p.co.uk/wp-content/plugins/elementor/assets/lib/font-awesome/webfonts/fa-solid-900.woff2]
[b-f-p.co.uk/wp-content/plugins/elementor/assets/lib/font-awesome/webfonts/fa-solid-900.woff]
[b-f-p.co.uk/wp-content/plugins/elementor/assets/lib/font-awesome/css/solid.min52d5.css]
[b-f-p.co.uk/wp-content/plugins/elementor/assets/lib/font-awesome/webfonts/fa-solid-900.ttf]
[b-f-p.co.uk/wp-content/plugins/elementor/assets/lib/font-awesome/webfonts/fa-solid-900.svg]
[b-f-p.co.uk/wp-content/uploads/elementor/css/post-96e673.css]
[b-f-p.co.uk/fire-alarm-systems/feed/index.html]
[b-f-p.co.uk/wp-json/wp/v2/pages/96.json]
[b-f-p.co.uk/wp-json/oembed/1.0/embedb7c4.json]
[b-f-p.co.uk/fire-alarm-systems/index.html]
[b-f-p.co.uk/wp-json/oembed/1.0/embedfa60]
[b-f-p.co.uk/wp-content/uploads/elementor/css/post-9313a2.css]
[b-f-p.co.uk/emergency-lighting/feed/index.html]
[b-f-p.co.uk/wp-json/wp/v2/pages/93.json]
[b-f-p.co.uk/wp-json/oembed/1.0/embed380c.json]
[b-f-p.co.uk/emergency-lighting/index.html]
[b-f-p.co.uk/wp-json/oembed/1.0/embed08d3]
[b-f-p.co.uk/wp-content/uploads/elementor/css/post-992baa.css]
[b-f-p.co.uk/fire-extinguishers/feed/index.html]
[b-f-p.co.uk/wp-json/wp/v2/pages/99.json]
[b-f-p.co.uk/wp-json/oembed/1.0/embeda7b5.json]
[b-f-p.co.uk/fire-extinguishers/index.html]
[b-f-p.co.uk/wp-json/oembed/1.0/embed7848]
[b-f-p.co.uk/wp-content/uploads/elementor/css/post-102cb01.css]
[b-f-p.co.uk/fire-safety-signs/feed/index.html]
[b-f-p.co.uk/wp-json/wp/v2/pages/102.json]
[b-f-p.co.uk/wp-json/oembed/1.0/embed5f2e.json]
[b-f-p.co.uk/fire-safety-signs/index.html]
[b-f-p.co.uk/wp-json/oembed/1.0/embeddadb]
[b-f-p.co.uk/wp-content/uploads/elementor/css/post-105ec34.css]
[b-f-p.co.uk/wp-json/wp/v2/pages/105.json]
[b-f-p.co.uk/fire-suppression/feed/index.html]
[b-f-p.co.uk/wp-json/oembed/1.0/embedb79e.json]
[b-f-p.co.uk/fire-suppression/index.html]
[b-f-p.co.uk/wp-json/oembed/1.0/embedfc6c]
[b-f-p.co.uk/wp-content/uploads/elementor/css/post-1081c39.css]
[b-f-p.co.uk/wp-json/wp/v2/pages/108.json]
[b-f-p.co.uk/monitoring-systems/feed/index.html]
[b-f-p.co.uk/wp-json/oembed/1.0/embed1b9e.json]
[b-f-p.co.uk/monitoring-systems/index.html]
[b-f-p.co.uk/wp-json/oembed/1.0/embedb120]
[b-f-p.co.uk/wp-content/uploads/elementor/css/post-111230a.css]
[b-f-p.co.uk/specialist-detection-services/feed/index.html]
[b-f-p.co.uk/wp-json/wp/v2/pages/111.json]
[b-f-p.co.uk/wp-json/oembed/1.0/embedd92f.json]
[b-f-p.co.uk/specialist-detection-services/index.html]
[b-f-p.co.uk/wp-json/oembed/1.0/embeda1e5]
[b-f-p.co.uk/wp-content/uploads/elementor/css/post-11487ef.css]
[b-f-p.co.uk/access/feed/index.html]
[b-f-p.co.uk/wp-json/wp/v2/pages/114.json]
[b-f-p.co.uk/wp-json/oembed/1.0/embedfee0.json]
[b-f-p.co.uk/access/index.html]
[b-f-p.co.uk/wp-json/oembed/1.0/embedb328]
[b-f-p.co.uk/wp-content/uploads/elementor/css/post-117a7b4.css]
[b-f-p.co.uk/cctv/feed/index.html]
[b-f-p.co.uk/wp-json/wp/v2/pages/117.json]
[b-f-p.co.uk/wp-json/oembed/1.0/embed6c23.json]
[b-f-p.co.uk/cctv/index.html]
[b-f-p.co.uk/wp-json/oembed/1.0/embed243f]
[b-f-p.co.uk/wp-content/uploads/elementor/css/post-120e26f.css]
[b-f-p.co.uk/intruder/feed/index.html]
[b-f-p.co.uk/wp-json/wp/v2/pages/120.json]
[b-f-p.co.uk/wp-json/oembed/1.0/embeda8eb.json]
[b-f-p.co.uk/intruder/index.html]
[b-f-p.co.uk/wp-json/oembed/1.0/embed504a]
[b-f-p.co.uk/wp-content/uploads/elementor/css/post-384bd7b.css]
[b-f-p.co.uk/fire-risk-assessment/feed/index.html]
[b-f-p.co.uk/wp-json/wp/v2/pages/384.json]
[b-f-p.co.uk/wp-json/oembed/1.0/embedd1d4.json]
[b-f-p.co.uk/fire-risk-assessment/index.html]
[b-f-p.co.uk/wp-json/oembed/1.0/embed500f]
[b-f-p.co.uk/wp-content/uploads/elementor/css/post-132b6cf.css]
[b-f-p.co.uk/pat-services/feed/index.html]
[b-f-p.co.uk/wp-json/wp/v2/pages/132.json]
[b-f-p.co.uk/wp-json/oembed/1.0/embed3ad2.json]
[b-f-p.co.uk/pat-services/index.html]
[b-f-p.co.uk/wp-json/oembed/1.0/embed3289]
[b-f-p.co.uk/wp-json/oembed/1.0/embedf4ae.json]
[b-f-p.co.uk/fire-marshal-training/index.html]
[b-f-p.co.uk/wp-json/oembed/1.0/embeda48f]
[b-f-p.co.uk/wp-content/uploads/elementor/css/post-126cb30.css]
[b-f-p.co.uk/first-aid-training/feed/index.html]
[b-f-p.co.uk/wp-json/wp/v2/pages/126.json]
[b-f-p.co.uk/wp-json/oembed/1.0/embedbd4b.json]
[b-f-p.co.uk/wp-json/oembed/1.0/embed4545]
[b-f-p.co.uk/wp-content/uploads/2023/02/first-aid-angels.png]
[b-f-p.co.uk/first-aid-training/index.html]
[b-f-p.co.uk/wp-content/uploads/2023/02/BFP-Est-1976-White.svg]
[b-f-p.co.uk/wp-content/uploads/elementor/css/post-58380bb.css]
[b-f-p.co.uk/thank-you-for-free-site-survey/feed/index.html]
[b-f-p.co.uk/wp-json/wp/v2/pages/583.json]
[b-f-p.co.uk/wp-json/oembed/1.0/embedb2eb.json]
[b-f-p.co.uk/thank-you-for-free-site-survey/index.html]
[b-f-p.co.uk/wp-json/oembed/1.0/embed17c2]
[b-f-p.co.uk/wp-content/uploads/elementor/css/post-7517414.css]
[b-f-p.co.uk/wp-json/wp/v2/pages/751.json]
[b-f-p.co.uk/wp-json/oembed/1.0/embed7465.json]
[b-f-p.co.uk/privacy-policy/index.html]
[b-f-p.co.uk/wp-json/oembed/1.0/embed48a4]
[b-f-p.co.uk/wp-content/uploads/elementor/css/post-1236a1e.css]
[b-f-p.co.uk/disability-discrimination/feed/index.html]
[b-f-p.co.uk/wp-json/wp/v2/pages/123.json]
[b-f-p.co.uk/wp-json/oembed/1.0/embed294c.json]
[b-f-p.co.uk/disability-discrimination/index.html]
[b-f-p.co.uk/wp-json/oembed/1.0/embedb861]
[b-f-p.co.uk/wp-content/uploads/elementor/css/post-12951c2.css]
[b-f-p.co.uk/wp-json/wp/v2/pages/129.json]
[b-f-p.co.uk/nurse-call/feed/index.html]
[b-f-p.co.uk/wp-json/oembed/1.0/embedd5a4.json]
[b-f-p.co.uk/nurse-call/index.html]
[b-f-p.co.uk/wp-json/oembed/1.0/embed26d6]
[b-f-p.co.uk/wp-content/uploads/elementor/css/post-138d43f.css]
[b-f-p.co.uk/wp-json/wp/v2/pages/138.json]
[b-f-p.co.uk/safe-foam-disposal/feed/index.html]
[b-f-p.co.uk/wp-json/oembed/1.0/embed0c8d.json]
[b-f-p.co.uk/safe-foam-disposal/index.html]
[b-f-p.co.uk/safety-training/index.html]
[b-f-p.co.uk/wp-content/plugins/elementor/assets/lib/eicons/fonts/eiconsbe76.svg]
[b-f-p.co.uk/wp-json/oembed/1.0/embed68b9]
[b-f-p.co.uk/wp-content/plugins/elementor/assets/lib/font-awesome/webfonts/fa-solid-900.svg]
[b-f-p.co.uk/wp-content/uploads/2021/04/fire-alarm.jpg]
[b-f-p.co.uk/wp-content/uploads/elementor/css/post-96e673.css]
[b-f-p.co.uk/index6f72.html]
[b-f-p.co.uk/wp-content/uploads/2021/04/Fire-Escape.jpg]
[b-f-p.co.uk/wp-content/uploads/elementor/css/post-9313a2.css]
[b-f-p.co.uk/index36d4.html]
[b-f-p.co.uk/wp-content/uploads/elementor/css/post-992baa.css]
[b-f-p.co.uk/index5401.html]
[b-f-p.co.uk/wp-content/uploads/2023/02/Fires-Safety-Signage.jpg]
[b-f-p.co.uk/wp-content/uploads/elementor/css/post-102cb01.css]
[b-f-p.co.uk/indexc5eb.html]
[b-f-p.co.uk/wp-content/uploads/2021/04/Fire-Extinguisher-refils.jpg]
[b-f-p.co.uk/wp-content/uploads/elementor/css/post-105ec34.css]
[b-f-p.co.uk/indexea0f.html]
[b-f-p.co.uk/wp-content/uploads/2021/04/Fire-Extinguisher-Hallway.jpg]
[b-f-p.co.uk/wp-content/uploads/elementor/css/post-1081c39.css]
[b-f-p.co.uk/index460d.html]
[b-f-p.co.uk/wp-content/uploads/2023/02/Installation.jpg]
[b-f-p.co.uk/wp-content/uploads/elementor/css/post-111230a.css]
[b-f-p.co.uk/indexbbbb.html]
[b-f-p.co.uk/wp-content/uploads/2023/02/Access-Control-Technology.jpg]
[b-f-p.co.uk/wp-content/uploads/elementor/css/post-11487ef.css]
[b-f-p.co.uk/index30a5.html]
[b-f-p.co.uk/contact/index.html]
[b-f-p.co.uk/wp-content/uploads/2023/02/cctv-security-camera-systems.jpg]
[b-f-p.co.uk/wp-content/uploads/elementor/css/post-117a7b4.css]
[b-f-p.co.uk/index8320.html]
[b-f-p.co.uk/wp-content/uploads/2023/02/Intruder-Alarm.jpg]
[b-f-p.co.uk/wp-content/uploads/elementor/css/post-120e26f.css]
[b-f-p.co.uk/index2c90.html]
[b-f-p.co.uk/wp-content/uploads/2023/02/BFP-Vans-scaled.jpg]
[b-f-p.co.uk/wp-content/uploads/elementor/css/post-384bd7b.css]
[b-f-p.co.uk/index6905.html]
[b-f-p.co.uk/wp-content/uploads/2023/02/PAT-testing.jpg]
[b-f-p.co.uk/wp-content/uploads/elementor/css/post-132b6cf.css]
[b-f-p.co.uk/index31a3.html]
[b-f-p.co.uk/index269b.html]
[b-f-p.co.uk/wp-content/uploads/elementor/css/post-1411171.css]
[b-f-p.co.uk/fire-marshal-training/feed/index.html]
[b-f-p.co.uk/wp-json/wp/v2/pages/141]
[b-f-p.co.uk/wp-content/uploads/2023/02/FIrst-aid-training.jpg]
[b-f-p.co.uk/wp-content/uploads/elementor/css/post-126cb30.css]
[b-f-p.co.uk/index4ab3.html]
[b-f-p.co.uk/wp-content/uploads/2023/02/Design.jpg]
[b-f-p.co.uk/wp-content/uploads/elementor/css/post-58380bb.css]
[b-f-p.co.uk/index61a9.html]
[b-f-p.co.uk/wp-content/uploads/elementor/css/post-7517414.css]
[b-f-p.co.uk/indexf294.html]
[b-f-p.co.uk/wp-content/uploads/elementor/css/post-1236a1e.css]
[b-f-p.co.uk/indexb8c4.html]
[b-f-p.co.uk/wp-content/uploads/2023/02/Nurse-Call.jpg]
[b-f-p.co.uk/wp-content/uploads/elementor/css/post-12951c2.css]
[b-f-p.co.uk/index1c00.html]
[b-f-p.co.uk/wp-content/uploads/elementor/css/post-138d43f.css]
[b-f-p.co.uk/index1a26.html]
[b-f-p.co.uk/xmlrpc.php]
[b-f-p.co.uk/xmlrpc0db0.php]
[b-f-p.co.uk/wp-content/uploads/elementor/css/post-1411171.css]
